Microchip MPLAB XC8 Compiler V2.31

Linker command line:

-W-3 --edf=C:\Program Files\Microchip\xc8\v2.31\pic\dat\en_msgs.txt -cn \
  -h+dist/default/production\gpio_driver.production.sym \
  --cmf=dist/default/production\gpio_driver.production.cmf -z -Q18F4620 \
  -oC:\Users\AH-ELS~1\AppData\Local\Temp\s7v0.3 --defsym=__MPLAB_BUILD=1 \
  -Mdist/default/production/gpio_driver.production.map -E1 \
  -ver=XC8 Compiler --acfsm=1493 -ASTACK=080h-0F7Fh -pstack=STACK \
  -ACODE=00h-0FFFFh -ACONST=00h-0FFFFh -ASMALLCONST=01000h-010FFhx240 \
  -AMEDIUMCONST=01000h-0FFFFh -ACOMRAM=01h-07Fh -AABS1=00h-0F7Fh \
  -ABIGRAM=01h-0F7Fh -ARAM=080h-0FFh,0100h-01FFhx14,0F00h-0F7Fh \
  -ABANK0=080h-0FFh -ABANK1=0100h-01FFh -ABANK2=0200h-02FFh \
  -ABANK3=0300h-03FFh -ABANK4=0400h-04FFh -ABANK5=0500h-05FFh \
  -ABANK6=0600h-06FFh -ABANK7=0700h-07FFh -ABANK8=0800h-08FFh \
  -ABANK9=0900h-09FFh -ABANK10=0A00h-0AFFh -ABANK11=0B00h-0BFFh \
  -ABANK12=0C00h-0CFFh -ABANK13=0D00h-0DFFh -ABANK14=0E00h-0EFFh \
  -ABANK15=0F00h-0F7Fh -ASFR=0F80h-0FFFh -ACONFIG=0300000h-030000Dh \
  -AIDLOC=0200000h-0200007h -AEEDATA=0F00000h-0F003FFh -peeprom_data=EEDATA \
  -preset_vec=00h,intcode=08h,intcodelo,powerup,init -pramtop=01000h \
  -psmallconst=SMALLCONST -pmediumconst=MEDIUMCONST -pconst=CONST \
  -AFARRAM=00h-00h \
  -prdata=COMRAM,nvrram=COMRAM,nvbit=COMRAM,rbss=COMRAM,rbit=COMRAM \
  -pfarbss=FARRAM,fardata=FARRAM,nvFARRAM=FARRAM \
  -pintsave_regs=BIGRAM,bigbss=BIGRAM,bigdata=BIGRAM -pbss=RAM \
  -pidata=CODE,irdata=CODE,ibigdata=CODE,ifardata=CODE -prparam=COMRAM \
  C:\Users\AH-ELS~1\AppData\Local\Temp\s7v0.o \
  dist/default/production\gpio_driver.production.o 

Object code version is 3.11

Machine type is 18F4620



                Name                               Link     Load   Length Selector   Space Scale
C:\Users\AH-ELS~1\AppData\Local\Temp\s7v0.o
                idloc                            200000   200000        8        0       5
                config                           300000   300000        E        0       4
                init                                  E        E        4        4       0
                reset_vec                             0        0        4        0       0
dist/default/production\gpio_driver.production.o
                intcode                               8        8        6        4       0
                idloc                            200000   200000        8        0       5
                config                           300000   300000        E        0       4
                temp                                 73       73        1        1       1
                smallconst                         1000     1000       36      800       0
                text13                             154A     154A        4      A3A       0
                text12                             1546     1546        4      A3A       0
                text11                             1542     1542        4      A3A       0
                text10                             153E     153E        4      A3A       0
                text9                              14F8     14F8       1A      A3A       0
                text8                              14DE     14DE       1A      A3A       0
                text7                              14C4     14C4       1A      A3A       0
                text6                              14AA     14AA       1A      A3A       0
                text5                              1532     1532        C      A3A       0
                text4                              1526     1526        C      A3A       0
                intcode_body                       1036     1036      2E6      81B       0
                text2                              13BC     13BC       7E      81B       0
                text1                              131C     131C       A0      81B       0
                text0                              1512     1512       14      A3A       0
                cstackCOMRAM                         6B       6B        8        1       1
                dataCOMRAM                            1        1       39        1       1
                bssCOMRAM                            3A       3A       31        1       1
                cinit                              1474     1474       36      A3A       0
                idataCOMRAM                        143A     143A       39      81B       0

TOTAL           Name                               Link     Load   Length     Space
        CLASS   STACK          

        CLASS   CODE           
                intcode                               8        8        6         0
                init                                  E        E        4         0
                reset_vec                             0        0        4         0
                text13                             154A     154A        4         0
                text12                             1546     1546        4         0
                text11                             1542     1542        4         0
                text10                             153E     153E        4         0
                text9                              14F8     14F8       1A         0
                text8                              14DE     14DE       1A         0
                text7                              14C4     14C4       1A         0
                text6                              14AA     14AA       1A         0
                text5                              1532     1532        C         0
                text4                              1526     1526        C         0
                intcode_body                       1036     1036      2E6         0
                text2                              13BC     13BC       7E         0
                text1                              131C     131C       A0         0
                text0                              1512     1512       14         0
                cinit                              1474     1474       36         0
                idataCOMRAM                        143A     143A       39         0

        CLASS   CONST          

        CLASS   SMALLCONST     
                smallconst                         1000     1000       36         0

        CLASS   MEDIUMCONST    

        CLASS   COMRAM         
                temp                                 73       73        1         1
                cstackCOMRAM                         6B       6B        8         1
                dataCOMRAM                            1        1       39         1
                bssCOMRAM                            3A       3A       31         1

        CLASS   ABS1           

        CLASS   BIGRAM         

        CLASS   RAM            

        CLASS   BANK0          

        CLASS   BANK1          

        CLASS   BANK2          

        CLASS   BANK3          

        CLASS   BANK4          

        CLASS   BANK5          

        CLASS   BANK6          

        CLASS   BANK7          

        CLASS   BANK8          

        CLASS   BANK9          

        CLASS   BANK10         

        CLASS   BANK11         

        CLASS   BANK12         

        CLASS   BANK13         

        CLASS   BANK14         

        CLASS   BANK15         

        CLASS   SFR            

        CLASS   CONFIG         
                config                           300000   300000        E         4

        CLASS   IDLOC          
                idloc                            200000   200000        8         5

        CLASS   EEDATA         

        CLASS   FARRAM         



SEGMENTS        Name                           Load    Length   Top    Selector   Space  Class

                reset_vec                      000000  000004  000004         0       0  CODE    
                dataCOMRAM                     000001  000073  000074         1       1  COMRAM  
                intcode                        000008  00000A  000012         4       0  CODE    
                smallconst                     001000  000036  001036       800       0  SMALLCON
                intcode_body                   001036  00043D  001473       81B       0  CODE    
                cinit                          001474  0000DA  00154E       A3A       0  CODE    


UNUSED ADDRESS RANGES

        Name                Unused          Largest block    Delta
        BANK0            000080-0000FF               80
        BANK1            000100-0001FF              100
        BANK10           000A00-000AFF              100
        BANK11           000B00-000BFF              100
        BANK12           000C00-000CFF              100
        BANK13           000D00-000DFF              100
        BANK14           000E00-000EFF              100
        BANK15           000F00-000F7F               80
        BANK2            000200-0002FF              100
        BANK3            000300-0003FF              100
        BANK4            000400-0004FF              100
        BANK5            000500-0005FF              100
        BANK6            000600-0006FF              100
        BANK7            000700-0007FF              100
        BANK8            000800-0008FF              100
        BANK9            000900-0009FF              100
        BIGRAM           000074-000F7F              F0C
        CODE             000004-000007                4
                         000012-000FFF              FEE
                         001473-001473                1
                         00154E-00FFFF             EAB2
        COMRAM           000074-00007F                C
        CONST            000004-000007                4
                         000012-000FFF              FEE
                         001473-001473                1
                         00154E-00FFFF             EAB2
        EEDATA           F00000-F003FF              400
        MEDIUMCONST      001473-001473                1
                         00154E-00FFFF             EAB2
        RAM              000080-000F7F              100
        SFR              000F80-000FFF               80
        SMALLCONST       001473-001473                1
                         00154E-00FFFF              100
        STACK            000080-000F7F              F00

                                  Symbol Table

RB4_ISR@RB4_Source              cstackCOMRAM 00006B
RB5_ISR@RB5_Source              cstackCOMRAM 00006B
RB6_ISR@RB6_Source              cstackCOMRAM 00006B
RB7_ISR@RB7_Source              cstackCOMRAM 00006B
Relay_OFF@F3196                 bssCOMRAM    000064
Relay_ON@F3191                  bssCOMRAM    000065
Relay_initialize@F3186          bssCOMRAM    000066
Timer1_Init@_timer              cstackCOMRAM 00006E
Timer1_Mode_Select@_timer       cstackCOMRAM 00006C
_ADCON0bits                     (abs)        000FC2
_ADCON1bits                     (abs)        000FC1
_ADCON2bits                     (abs)        000FC0
_ADC_ISR                        text13       00154A
_ADC_Interrupt_Handler          bssCOMRAM    000062
_ADRESH                         (abs)        000FC4
_ADRESL                         (abs)        000FC3
_EEADR                          (abs)        000FA9
_EEADRH                         (abs)        000FAA
_EECON1bits                     (abs)        000FA6
_EECON2                         (abs)        000FA7
_EEDATA                         (abs)        000FA8
_INT0_ISR                       text12       001546
_INT0_InterruptHandler          bssCOMRAM    000060
_INT1_ISR                       text11       001542
_INT1_InterruptHandler          bssCOMRAM    00005E
_INT2_ISR                       text10       00153E
_INT2_InterruptHandler          bssCOMRAM    00005C
_INTCON2bits                    (abs)        000FF1
_INTCON3bits                    (abs)        000FF0
_INTCONbits                     (abs)        000FF2
_InterruptManager               intcode      000008
_LATA                           (abs)        000F89
_LATB                           (abs)        000F8A
_LATC                           (abs)        000F8B
_LATD                           (abs)        000F8C
_LATE                           (abs)        000F8D
_PIE1bits                       (abs)        000F9D
_PIR1bits                       (abs)        000F9E
_PORTA                          (abs)        000F80
_PORTB                          (abs)        000F81
_PORTBbits                      (abs)        000F81
_PORTC                          (abs)        000F82
_PORTD                          (abs)        000F83
_PORTE                          (abs)        000F84
_RB4_Flag                       dataCOMRAM   000023
_RB4_ISR                        text9        0014F8
_RB4_InterruptHandler_HIGH      bssCOMRAM    00005A
_RB4_InterruptHandler_LOW       bssCOMRAM    000058
_RB5_Flag                       dataCOMRAM   000022
_RB5_ISR                        text8        0014DE
_RB5_InterruptHandler_HIGH      bssCOMRAM    000056
_RB5_InterruptHandler_LOW       bssCOMRAM    000054
_RB6_Flag                       dataCOMRAM   000021
_RB6_ISR                        text7        0014C4
_RB6_InterruptHandler_HIGH      bssCOMRAM    000052
_RB6_InterruptHandler_LOW       bssCOMRAM    000050
_RB7_Flag                       dataCOMRAM   000020
_RB7_ISR                        text6        0014AA
_RB7_InterruptHandler_HIGH      bssCOMRAM    00004E
_RB7_InterruptHandler_LOW       bssCOMRAM    00004C
_T0CONbits                      (abs)        000FD5
_T1CONbits                      (abs)        000FCD
_TMR0H                          (abs)        000FD7
_TMR0L                          (abs)        000FD6
_TMR0_ISR                       text5        001532
_TMR0_Interrupt_Handler         bssCOMRAM    000048
_TMR1H                          (abs)        000FCF
_TMR1L                          (abs)        000FCE
_TMR1_ISR                       text4        001526
_TMR1_InterruptHandler          bssCOMRAM    000046
_TRISA                          (abs)        000F92
_TRISB                          (abs)        000F93
_TRISC                          (abs)        000F94
_TRISD                          (abs)        000F95
_TRISE                          (abs)        000F96
_Timer1_DefaultInterruptHandler (abs)        000000
_Timer1_Init                    text1        00131C
_Timer1_Mode_Select             text2        0013BC
__HRAM                          (abs)        000000
__Habs1                         abs1         000000
__Hbank0                        bank0        000000
__Hbank1                        bank1        000000
__Hbank10                       bank10       000000
__Hbank11                       bank11       000000
__Hbank12                       bank12       000000
__Hbank13                       bank13       000000
__Hbank14                       bank14       000000
__Hbank15                       bank15       000000
__Hbank2                        bank2        000000
__Hbank3                        bank3        000000
__Hbank4                        bank4        000000
__Hbank5                        bank5        000000
__Hbank6                        bank6        000000
__Hbank7                        bank7        000000
__Hbank8                        bank8        000000
__Hbank9                        bank9        000000
__Hbigbss                       bigbss       000000
__Hbigdata                      bigdata      000000
__Hbigram                       bigram       000000
__Hbss                          bss          000000
__HbssCOMRAM                    bssCOMRAM    000000
__Hcinit                        cinit        000000
__Hclrtext                      clrtext      000000
__Hcomram                       comram       000000
__Hconfig                       config       30000E
__Hconst                        const        000000
__HcstackCOMRAM                 cstackCOMRAM 000000
__Hdata                         data         000000
__HdataCOMRAM                   dataCOMRAM   000000
__Heeprom_data                  eeprom_data  000000
__Hfarbss                       farbss       000000
__Hfardata                      fardata      000000
__Hibigdata                     ibigdata     000000
__Hidata                        idata        000000
__HidataCOMRAM                  idataCOMRAM  000000
__Hidloc                        idloc        200008
__Hifardata                     ifardata     000000
__Hinit                         init         000012
__Hintcode                      intcode      00000E
__Hintcode_body                 intcode_body 000000
__Hintcodelo                    intcodelo    00000E
__Hintentry                     intentry     000000
__Hintret                       intret       000000
__Hintsave_regs                 intsave_regs 000000
__Hirdata                       irdata       000000
__Hmediumconst                  mediumconst  000000
__HnvFARRAM                     nvFARRAM     000000
__Hnvbit                        nvbit        000000
__Hnvrram                       nvrram       000000
__Hparam                        rparam       000000
__Hpowerup                      powerup      00000E
__Hram                          ram          000000
__Hramtop                       ramtop       001000
__Hrbit                         rbit         000000
__Hrbss                         rbss         000000
__Hrdata                        rdata        000000
__Hreset_vec                    reset_vec    000004
__Hrparam                       rparam       000000
__Hsfr                          sfr          000000
__Hsmallconst                   smallconst   001036
__Hspace_0                      (abs)        00154E
__Hspace_1                      (abs)        000074
__Hspace_2                      (abs)        000000
__Hspace_4                      (abs)        60000E
__Hstack                        stack        000000
__Hstruct                       struct       000000
__Htemp                         temp         000074
__Htext                         text         000000
__Htext0                        text0        000000
__Htext1                        text1        000000
__Htext10                       text10       000000
__Htext11                       text11       000000
__Htext12                       text12       000000
__Htext13                       text13       000000
__Htext2                        text2        000000
__Htext4                        text4        000000
__Htext5                        text5        000000
__Htext6                        text6        000000
__Htext7                        text7        000000
__Htext8                        text8        000000
__Htext9                        text9        000000
__LRAM                          (abs)        000001
__Labs1                         abs1         000000
__Lbank0                        bank0        000000
__Lbank1                        bank1        000000
__Lbank10                       bank10       000000
__Lbank11                       bank11       000000
__Lbank12                       bank12       000000
__Lbank13                       bank13       000000
__Lbank14                       bank14       000000
__Lbank15                       bank15       000000
__Lbank2                        bank2        000000
__Lbank3                        bank3        000000
__Lbank4                        bank4        000000
__Lbank5                        bank5        000000
__Lbank6                        bank6        000000
__Lbank7                        bank7        000000
__Lbank8                        bank8        000000
__Lbank9                        bank9        000000
__Lbigbss                       bigbss       000000
__Lbigdata                      bigdata      000000
__Lbigram                       bigram       000000
__Lbss                          bss          000000
__LbssCOMRAM                    bssCOMRAM    000000
__Lcinit                        cinit        000000
__Lclrtext                      clrtext      000000
__Lcomram                       comram       000000
__Lconfig                       config       000000
__Lconst                        const        000000
__LcstackCOMRAM                 cstackCOMRAM 000000
__Ldata                         data         000000
__LdataCOMRAM                   dataCOMRAM   000000
__Leeprom_data                  eeprom_data  000000
__Lfarbss                       farbss       000000
__Lfardata                      fardata      000000
__Libigdata                     ibigdata     000000
__Lidata                        idata        000000
__LidataCOMRAM                  idataCOMRAM  000000
__Lidloc                        idloc        000000
__Lifardata                     ifardata     000000
__Linit                         init         00000E
__Lintcode                      intcode      000008
__Lintcode_body                 intcode_body 000000
__Lintcodelo                    intcodelo    00000E
__Lintentry                     intentry     000000
__Lintret                       intret       000000
__Lintsave_regs                 intsave_regs 000000
__Lirdata                       irdata       000000
__Lmediumconst                  mediumconst  000000
__LnvFARRAM                     nvFARRAM     000000
__Lnvbit                        nvbit        000000
__Lnvrram                       nvrram       000000
__Lparam                        rparam       000000
__Lpowerup                      powerup      00000E
__Lram                          ram          000000
__Lramtop                       ramtop       001000
__Lrbit                         rbit         000000
__Lrbss                         rbss         000000
__Lrdata                        rdata        000000
__Lreset_vec                    reset_vec    000000
__Lrparam                       rparam       000000
__Lsfr                          sfr          000000
__Lsmallconst                   smallconst   001000
__Lspace_0                      (abs)        000000
__Lspace_1                      (abs)        000000
__Lspace_2                      (abs)        000000
__Lspace_4                      (abs)        000000
__Lstack                        stack        000000
__Lstruct                       struct       000000
__Ltemp                         temp         000073
__Ltext                         text         000000
__Ltext0                        text0        000000
__Ltext1                        text1        000000
__Ltext10                       text10       000000
__Ltext11                       text11       000000
__Ltext12                       text12       000000
__Ltext13                       text13       000000
__Ltext2                        text2        000000
__Ltext4                        text4        000000
__Ltext5                        text5        000000
__Ltext6                        text6        000000
__Ltext7                        text7        000000
__Ltext8                        text8        000000
__Ltext9                        text9        000000
__S0                            (abs)        00154E
__S1                            (abs)        000074
__S2                            (abs)        000000
__S4                            (abs)        000000
__S5                            (abs)        000000
___inthi_sp                     stack        000000
___intlo_sp                     stack        000000
___param_bank                   (abs)        000000
___rparam_used                  (abs)        000001
___sp                           stack        000000
__accesstop                     (abs)        000080
__activetblptr                  (abs)        000003
__end_of_ADC_ISR                text13       00154E
__end_of_INT0_ISR               text12       00154A
__end_of_INT1_ISR               text11       001546
__end_of_INT2_ISR               text10       001542
__end_of_InterruptManager       intcode_body 00131C
__end_of_RB4_ISR                text9        001512
__end_of_RB5_ISR                text8        0014F8
__end_of_RB6_ISR                text7        0014DE
__end_of_RB7_ISR                text6        0014C4
__end_of_TMR0_ISR               text5        00153E
__end_of_TMR1_ISR               text4        001532
__end_of_Timer1_Init            text1        0013BC
__end_of_Timer1_Mode_Select     text2        00143A
__end_of__initialization        cinit        0014A0
__end_of_btn_keybad_values      smallconst   001011
__end_of_customChar_1           smallconst   001031
__end_of_customChar_2           smallconst   001029
__end_of_customChar_3           smallconst   001021
__end_of_customChar_4           smallconst   001019
__end_of_main                   text0        001526
__initialization                cinit        001474
__mediumconst                   mediumconst  000000
__pbssCOMRAM                    bssCOMRAM    00003A
__pcinit                        cinit        001474
__pcstackCOMRAM                 cstackCOMRAM 00006B
__pdataCOMRAM                   dataCOMRAM   000001
__pidataCOMRAM                  idataCOMRAM  00143A
__pintcode                      intcode      000008
__pintcode_body                 intcode_body 001036
__psmallconst                   smallconst   001000
__ptext0                        text0        001512
__ptext1                        text1        00131C
__ptext10                       text10       00153E
__ptext11                       text11       001542
__ptext12                       text12       001546
__ptext13                       text13       00154A
__ptext2                        text2        0013BC
__ptext4                        text4        001526
__ptext5                        text5        001532
__ptext6                        text6        0014AA
__ptext7                        text7        0014C4
__ptext8                        text8        0014DE
__ptext9                        text9        0014F8
__ramtop                        ramtop       001000
__size_of_ADC_ISR               (abs)        000000
__size_of_INT0_ISR              (abs)        000000
__size_of_INT1_ISR              (abs)        000000
__size_of_INT2_ISR              (abs)        000000
__size_of_InterruptManager      (abs)        000000
__size_of_RB4_ISR               (abs)        000000
__size_of_RB5_ISR               (abs)        000000
__size_of_RB6_ISR               (abs)        000000
__size_of_RB7_ISR               (abs)        000000
__size_of_TMR0_ISR              (abs)        000000
__size_of_TMR1_ISR              (abs)        000000
__size_of_Timer1_Init           (abs)        000000
__size_of_Timer1_Mode_Select    (abs)        000000
__size_of_main                  (abs)        000000
__smallconst                    smallconst   001000
_customChar_1                   smallconst   001029
_customChar_2                   smallconst   001021
_customChar_3                   smallconst   001019
_customChar_4                   smallconst   001011
_lat_registers                  dataCOMRAM   00000B
_lcd_1                          dataCOMRAM   000034
_lcd_2                          dataCOMRAM   000024
_led1                           dataCOMRAM   00001F
_main                           text0        001512
_port_registers                 dataCOMRAM   000001
_timer0_preload                 bssCOMRAM    00004A
_timer1_preload                 bssCOMRAM    000044
_timer_counter                  bssCOMRAM    000040
_timer_obj                      dataCOMRAM   00002E
_tris_registers                 dataCOMRAM   000015
btemp                           temp         000073
end_of_initialization           cinit        0014A0
int$flags                       temp         000073
int_func                        intcode_body 001036
intlevel0                       text         000000
intlevel1                       text         000000
intlevel2                       text         000000
intlevel3                       text         000000
led_initialize@F3192            bssCOMRAM    00006A
led_turn_off@F3202              bssCOMRAM    000068
led_turn_on@F3197               bssCOMRAM    000069
led_turn_toggle@F3207           bssCOMRAM    000067
stackhi                         (abs)        000F7F
stacklo                         (abs)        000080
start                           init         00000E
start_initialization            cinit        001474
ttemp5                          temp         000074
ttemp6                          temp         000077
ttemp7                          temp         00007B
wtemp8                          temp         000074


FUNCTION INFORMATION:

 *************** function _main *****************
 Defined at:
		line 41 in file "Application.c"
 Parameters:    Size  Location     Type
		None
 Auto vars:     Size  Location     Type
  ret             1    0        unsigned char 
 Return value:  Size  Location     Type
                  2  979[None  ] int 
 Registers used:
		wreg, fsr2l, fsr2h, status,2, status,0, cstack
 Tracked objects:
		On entry : 
		On exit  : 
		Unchanged: 
 Data sizes:     COMRAM   BANK0   BANK1   BANK2   BANK3   BANK4   BANK5   BANK6   BANK7   BANK8   BANK9  BANK10  BANK11  BANK12  BANK13  BANK14  BANK15
      Params:         0       0       0       0       0       0       0       0       0       0       0       0       0       0       0       0       0
      Locals:         1       0       0       0       0       0       0       0       0       0       0       0       0       0       0       0       0
      Temps:          0       0       0       0       0       0       0       0       0       0       0       0       0       0       0       0       0
      Totals:         1       0       0       0       0       0       0       0       0       0       0       0       0       0       0       0       0
Total ram usage:        1 bytes
 Hardware stack levels required when called:    4
 This function calls:
		_Timer1_Init
 This function is called by:
		Startup code after reset
 This function uses a non-reentrant model


 *************** function _Timer1_Init *****************
 Defined at:
		line 17 in file "MCAL_Layer/timer1/hal_timer1.c"
 Parameters:    Size  Location     Type
  _timer          2    3[COMRAM] PTR const struct .
		 -> timer_obj(6), 
 Auto vars:     Size  Location     Type
  ret             1    0        unsigned char 
 Return value:  Size  Location     Type
                  1    wreg      unsigned char 
 Registers used:
		wreg, fsr2l, fsr2h, status,2, status,0, cstack
 Tracked objects:
		On entry : 
		On exit  : 
		Unchanged: 
 Data sizes:     COMRAM   BANK0   BANK1   BANK2   BANK3   BANK4   BANK5   BANK6   BANK7   BANK8   BANK9  BANK10  BANK11  BANK12  BANK13  BANK14  BANK15
      Params:         2       0       0       0       0       0       0       0       0       0       0       0       0       0       0       0       0
      Locals:         1       0       0       0       0       0       0       0       0       0       0       0       0       0       0       0       0
      Temps:          2       0       0       0       0       0       0       0       0       0       0       0       0       0       0       0       0
      Totals:         5       0       0       0       0       0       0       0       0       0       0       0       0       0       0       0       0
Total ram usage:        5 bytes
 Hardware stack levels used:    1
 Hardware stack levels required when called:    3
 This function calls:
		_Timer1_Mode_Select
 This function is called by:
		_main
 This function uses a non-reentrant model


 *************** function _Timer1_Mode_Select *****************
 Defined at:
		line 111 in file "MCAL_Layer/timer1/hal_timer1.c"
 Parameters:    Size  Location     Type
  _timer          2    1[COMRAM] PTR const struct .
		 -> timer_obj(6), 
 Auto vars:     Size  Location     Type
		None
 Return value:  Size  Location     Type
                  1    wreg      void 
 Registers used:
		wreg, fsr2l, fsr2h, status,2, status,0
 Tracked objects:
		On entry : 
		On exit  : 
		Unchanged: 
 Data sizes:     COMRAM   BANK0   BANK1   BANK2   BANK3   BANK4   BANK5   BANK6   BANK7   BANK8   BANK9  BANK10  BANK11  BANK12  BANK13  BANK14  BANK15
      Params:         2       0       0       0       0       0       0       0       0       0       0       0       0       0       0       0       0
      Locals:         0       0       0       0       0       0       0       0       0       0       0       0       0       0       0       0       0
      Temps:          0       0       0       0       0       0       0       0       0       0       0       0       0       0       0       0       0
      Totals:         2       0       0       0       0       0       0       0       0       0       0       0       0       0       0       0       0
Total ram usage:        2 bytes
 Hardware stack levels used:    1
 Hardware stack levels required when called:    2
 This function calls:
		Nothing
 This function is called by:
		_Timer1_Init
 This function uses a non-reentrant model


 *************** function _InterruptManager *****************
 Defined at:
		line 33 in file "MCAL_Layer/interrupt/mcal_interrupt_manger.c"
 Parameters:    Size  Location     Type
		None
 Auto vars:     Size  Location     Type
		None
 Return value:  Size  Location     Type
                  1    wreg      void 
 Registers used:
		wreg, status,2, status,0, cstack
 Tracked objects:
		On entry : 
		On exit  : 
		Unchanged: 
 Data sizes:     COMRAM   BANK0   BANK1   BANK2   BANK3   BANK4   BANK5   BANK6   BANK7   BANK8   BANK9  BANK10  BANK11  BANK12  BANK13  BANK14  BANK15
      Params:         0       0       0       0       0       0       0       0       0       0       0       0       0       0       0       0       0
      Locals:         0       0       0       0       0       0       0       0       0       0       0       0       0       0       0       0       0
      Temps:          0       0       0       0       0       0       0       0       0       0       0       0       0       0       0       0       0
      Totals:         0       0       0       0       0       0       0       0       0       0       0       0       0       0       0       0       0
Total ram usage:        0 bytes
 Hardware stack levels used:    1
 Hardware stack levels required when called:    1
 This function calls:
		_ADC_ISR
		_INT0_ISR
		_INT1_ISR
		_INT2_ISR
		_RB4_ISR
		_RB5_ISR
		_RB6_ISR
		_RB7_ISR
		_TMR0_ISR
		_TMR1_ISR
 This function is called by:
		Interrupt level 2
 This function uses a non-reentrant model


 *************** function _TMR1_ISR *****************
 Defined at:
		line 102 in file "MCAL_Layer/timer1/hal_timer1.c"
 Parameters:    Size  Location     Type
		None
 Auto vars:     Size  Location     Type
		None
 Return value:  Size  Location     Type
                  1    wreg      void 
 Registers used:
		wreg, status,2
 Tracked objects:
		On entry : 
		On exit  : 
		Unchanged: 
 Data sizes:     COMRAM   BANK0   BANK1   BANK2   BANK3   BANK4   BANK5   BANK6   BANK7   BANK8   BANK9  BANK10  BANK11  BANK12  BANK13  BANK14  BANK15
      Params:         0       0       0       0       0       0       0       0       0       0       0       0       0       0       0       0       0
      Locals:         0       0       0       0       0       0       0       0       0       0       0       0       0       0       0       0       0
      Temps:          0       0       0       0       0       0       0       0       0       0       0       0       0       0       0       0       0
      Totals:         0       0       0       0       0       0       0       0       0       0       0       0       0       0       0       0       0
Total ram usage:        0 bytes
 Hardware stack levels used:    1
 This function calls:
		Nothing
 This function is called by:
		_InterruptManager
 This function uses a non-reentrant model


 *************** function _TMR0_ISR *****************
 Defined at:
		line 191 in file "MCAL_Layer/Timer0/hal_timer0.c"
 Parameters:    Size  Location     Type
		None
 Auto vars:     Size  Location     Type
		None
 Return value:  Size  Location     Type
                  1    wreg      void 
 Registers used:
		wreg, status,2
 Tracked objects:
		On entry : 
		On exit  : 
		Unchanged: 
 Data sizes:     COMRAM   BANK0   BANK1   BANK2   BANK3   BANK4   BANK5   BANK6   BANK7   BANK8   BANK9  BANK10  BANK11  BANK12  BANK13  BANK14  BANK15
      Params:         0       0       0       0       0       0       0       0       0       0       0       0       0       0       0       0       0
      Locals:         0       0       0       0       0       0       0       0       0       0       0       0       0       0       0       0       0
      Temps:          0       0       0       0       0       0       0       0       0       0       0       0       0       0       0       0       0
      Totals:         0       0       0       0       0       0       0       0       0       0       0       0       0       0       0       0       0
Total ram usage:        0 bytes
 Hardware stack levels used:    1
 This function calls:
		Nothing
 This function is called by:
		_InterruptManager
 This function uses a non-reentrant model


 *************** function _RB7_ISR *****************
 Defined at:
		line 165 in file "MCAL_Layer/interrupt/mcal_external_interrupt.c"
 Parameters:    Size  Location     Type
  RB7_Source      1    wreg     unsigned char 
 Auto vars:     Size  Location     Type
  RB7_Source      1    0[COMRAM] unsigned char 
 Return value:  Size  Location     Type
                  1    wreg      void 
 Registers used:
		wreg, status,2, status,0
 Tracked objects:
		On entry : 
		On exit  : 
		Unchanged: 
 Data sizes:     COMRAM   BANK0   BANK1   BANK2   BANK3   BANK4   BANK5   BANK6   BANK7   BANK8   BANK9  BANK10  BANK11  BANK12  BANK13  BANK14  BANK15
      Params:         0       0       0       0       0       0       0       0       0       0       0       0       0       0       0       0       0
      Locals:         1       0       0       0       0       0       0       0       0       0       0       0       0       0       0       0       0
      Temps:          0       0       0       0       0       0       0       0       0       0       0       0       0       0       0       0       0
      Totals:         1       0       0       0       0       0       0       0       0       0       0       0       0       0       0       0       0
Total ram usage:        1 bytes
 Hardware stack levels used:    1
 This function calls:
		Nothing
 This function is called by:
		_InterruptManager
 This function uses a non-reentrant model


 *************** function _RB6_ISR *****************
 Defined at:
		line 146 in file "MCAL_Layer/interrupt/mcal_external_interrupt.c"
 Parameters:    Size  Location     Type
  RB6_Source      1    wreg     unsigned char 
 Auto vars:     Size  Location     Type
  RB6_Source      1    0[COMRAM] unsigned char 
 Return value:  Size  Location     Type
                  1    wreg      void 
 Registers used:
		wreg, status,2, status,0
 Tracked objects:
		On entry : 
		On exit  : 
		Unchanged: 
 Data sizes:     COMRAM   BANK0   BANK1   BANK2   BANK3   BANK4   BANK5   BANK6   BANK7   BANK8   BANK9  BANK10  BANK11  BANK12  BANK13  BANK14  BANK15
      Params:         0       0       0       0       0       0       0       0       0       0       0       0       0       0       0       0       0
      Locals:         1       0       0       0       0       0       0       0       0       0       0       0       0       0       0       0       0
      Temps:          0       0       0       0       0       0       0       0       0       0       0       0       0       0       0       0       0
      Totals:         1       0       0       0       0       0       0       0       0       0       0       0       0       0       0       0       0
Total ram usage:        1 bytes
 Hardware stack levels used:    1
 This function calls:
		Nothing
 This function is called by:
		_InterruptManager
 This function uses a non-reentrant model


 *************** function _RB5_ISR *****************
 Defined at:
		line 127 in file "MCAL_Layer/interrupt/mcal_external_interrupt.c"
 Parameters:    Size  Location     Type
  RB5_Source      1    wreg     unsigned char 
 Auto vars:     Size  Location     Type
  RB5_Source      1    0[COMRAM] unsigned char 
 Return value:  Size  Location     Type
                  1    wreg      void 
 Registers used:
		wreg, status,2, status,0
 Tracked objects:
		On entry : 
		On exit  : 
		Unchanged: 
 Data sizes:     COMRAM   BANK0   BANK1   BANK2   BANK3   BANK4   BANK5   BANK6   BANK7   BANK8   BANK9  BANK10  BANK11  BANK12  BANK13  BANK14  BANK15
      Params:         0       0       0       0       0       0       0       0       0       0       0       0       0       0       0       0       0
      Locals:         1       0       0       0       0       0       0       0       0       0       0       0       0       0       0       0       0
      Temps:          0       0       0       0       0       0       0       0       0       0       0       0       0       0       0       0       0
      Totals:         1       0       0       0       0       0       0       0       0       0       0       0       0       0       0       0       0
Total ram usage:        1 bytes
 Hardware stack levels used:    1
 This function calls:
		Nothing
 This function is called by:
		_InterruptManager
 This function uses a non-reentrant model


 *************** function _RB4_ISR *****************
 Defined at:
		line 108 in file "MCAL_Layer/interrupt/mcal_external_interrupt.c"
 Parameters:    Size  Location     Type
  RB4_Source      1    wreg     unsigned char 
 Auto vars:     Size  Location     Type
  RB4_Source      1    0[COMRAM] unsigned char 
 Return value:  Size  Location     Type
                  1    wreg      void 
 Registers used:
		wreg, status,2, status,0
 Tracked objects:
		On entry : 
		On exit  : 
		Unchanged: 
 Data sizes:     COMRAM   BANK0   BANK1   BANK2   BANK3   BANK4   BANK5   BANK6   BANK7   BANK8   BANK9  BANK10  BANK11  BANK12  BANK13  BANK14  BANK15
      Params:         0       0       0       0       0       0       0       0       0       0       0       0       0       0       0       0       0
      Locals:         1       0       0       0       0       0       0       0       0       0       0       0       0       0       0       0       0
      Temps:          0       0       0       0       0       0       0       0       0       0       0       0       0       0       0       0       0
      Totals:         1       0       0       0       0       0       0       0       0       0       0       0       0       0       0       0       0
Total ram usage:        1 bytes
 Hardware stack levels used:    1
 This function calls:
		Nothing
 This function is called by:
		_InterruptManager
 This function uses a non-reentrant model


 *************** function _INT2_ISR *****************
 Defined at:
		line 96 in file "MCAL_Layer/interrupt/mcal_external_interrupt.c"
 Parameters:    Size  Location     Type
		None
 Auto vars:     Size  Location     Type
		None
 Return value:  Size  Location     Type
                  1    wreg      void 
 Registers used:
		None
 Tracked objects:
		On entry : 
		On exit  : 
		Unchanged: 
 Data sizes:     COMRAM   BANK0   BANK1   BANK2   BANK3   BANK4   BANK5   BANK6   BANK7   BANK8   BANK9  BANK10  BANK11  BANK12  BANK13  BANK14  BANK15
      Params:         0       0       0       0       0       0       0       0       0       0       0       0       0       0       0       0       0
      Locals:         0       0       0       0       0       0       0       0       0       0       0       0       0       0       0       0       0
      Temps:          0       0       0       0       0       0       0       0       0       0       0       0       0       0       0       0       0
      Totals:         0       0       0       0       0       0       0       0       0       0       0       0       0       0       0       0       0
Total ram usage:        0 bytes
 Hardware stack levels used:    1
 This function calls:
		Nothing
 This function is called by:
		_InterruptManager
 This function uses a non-reentrant model


 *************** function _INT1_ISR *****************
 Defined at:
		line 87 in file "MCAL_Layer/interrupt/mcal_external_interrupt.c"
 Parameters:    Size  Location     Type
		None
 Auto vars:     Size  Location     Type
		None
 Return value:  Size  Location     Type
                  1    wreg      void 
 Registers used:
		None
 Tracked objects:
		On entry : 
		On exit  : 
		Unchanged: 
 Data sizes:     COMRAM   BANK0   BANK1   BANK2   BANK3   BANK4   BANK5   BANK6   BANK7   BANK8   BANK9  BANK10  BANK11  BANK12  BANK13  BANK14  BANK15
      Params:         0       0       0       0       0       0       0       0       0       0       0       0       0       0       0       0       0
      Locals:         0       0       0       0       0       0       0       0       0       0       0       0       0       0       0       0       0
      Temps:          0       0       0       0       0       0       0       0       0       0       0       0       0       0       0       0       0
      Totals:         0       0       0       0       0       0       0       0       0       0       0       0       0       0       0       0       0
Total ram usage:        0 bytes
 Hardware stack levels used:    1
 This function calls:
		Nothing
 This function is called by:
		_InterruptManager
 This function uses a non-reentrant model


 *************** function _INT0_ISR *****************
 Defined at:
		line 75 in file "MCAL_Layer/interrupt/mcal_external_interrupt.c"
 Parameters:    Size  Location     Type
		None
 Auto vars:     Size  Location     Type
		None
 Return value:  Size  Location     Type
                  1    wreg      void 
 Registers used:
		None
 Tracked objects:
		On entry : 
		On exit  : 
		Unchanged: 
 Data sizes:     COMRAM   BANK0   BANK1   BANK2   BANK3   BANK4   BANK5   BANK6   BANK7   BANK8   BANK9  BANK10  BANK11  BANK12  BANK13  BANK14  BANK15
      Params:         0       0       0       0       0       0       0       0       0       0       0       0       0       0       0       0       0
      Locals:         0       0       0       0       0       0       0       0       0       0       0       0       0       0       0       0       0
      Temps:          0       0       0       0       0       0       0       0       0       0       0       0       0       0       0       0       0
      Totals:         0       0       0       0       0       0       0       0       0       0       0       0       0       0       0       0       0
Total ram usage:        0 bytes
 Hardware stack levels used:    1
 This function calls:
		Nothing
 This function is called by:
		_InterruptManager
 This function uses a non-reentrant model


 *************** function _ADC_ISR *****************
 Defined at:
		line 299 in file "MCAL_Layer/ADC/hal_adc.c"
 Parameters:    Size  Location     Type
		None
 Auto vars:     Size  Location     Type
		None
 Return value:  Size  Location     Type
                  1    wreg      void 
 Registers used:
		None
 Tracked objects:
		On entry : 
		On exit  : 
		Unchanged: 
 Data sizes:     COMRAM   BANK0   BANK1   BANK2   BANK3   BANK4   BANK5   BANK6   BANK7   BANK8   BANK9  BANK10  BANK11  BANK12  BANK13  BANK14  BANK15
      Params:         0       0       0       0       0       0       0       0       0       0       0       0       0       0       0       0       0
      Locals:         0       0       0       0       0       0       0       0       0       0       0       0       0       0       0       0       0
      Temps:          0       0       0       0       0       0       0       0       0       0       0       0       0       0       0       0       0
      Totals:         0       0       0       0       0       0       0       0       0       0       0       0       0       0       0       0       0
Total ram usage:        0 bytes
 Hardware stack levels used:    1
 This function calls:
		Nothing
 This function is called by:
		_InterruptManager
 This function uses a non-reentrant model



MODULE INFORMATION

Module		Function		Class		Link	Load	Size
MCAL_Layer/interrupt/mcal_external_interrupt.c
		_RB4_ISR       		CODE           	14F8	0000	26
		_RB5_ISR       		CODE           	14DE	0000	26
		_RB6_ISR       		CODE           	14C4	0000	26
		_RB7_ISR       		CODE           	14AA	0000	26
		_INT0_ISR      		CODE           	1546	0000	4
		_INT1_ISR      		CODE           	1542	0000	4
		_INT2_ISR      		CODE           	153E	0000	4

MCAL_Layer/interrupt/mcal_external_interrupt.c estimated size: 116

MCAL_Layer/interrupt/mcal_interrupt_manger.c
		_InterruptManager		CODE           	0008	0000	748

MCAL_Layer/interrupt/mcal_interrupt_manger.c estimated size: 748

Application.c
		_main          		CODE           	1512	0000	20

Application.c estimated size: 20

shared
		_btn_keybad_values		SMALLCONST     	0000	0000	0
		_customChar_1  		SMALLCONST     	1029	0000	8
		_customChar_2  		SMALLCONST     	1021	0000	8
		_customChar_3  		SMALLCONST     	1019	0000	8
		_customChar_4  		SMALLCONST     	1011	0000	8
		__initialization		CODE           	1474	0000	44

shared estimated size: 76

MCAL_Layer/ADC/hal_adc.c
		_ADC_ISR       		CODE           	154A	0000	4

MCAL_Layer/ADC/hal_adc.c estimated size: 4

MCAL_Layer/timer1/hal_timer1.c
		_Timer1_Mode_Select		CODE           	13BC	0000	126
		_Timer1_Init   		CODE           	131C	0000	160
		_TMR1_ISR      		CODE           	1526	0000	12

MCAL_Layer/timer1/hal_timer1.c estimated size: 298

MCAL_Layer/Timer0/hal_timer0.c
		_TMR0_ISR      		CODE           	1532	0000	12

MCAL_Layer/Timer0/hal_timer0.c estimated size: 12

